<?xml version="1.0" encoding="utf-8"?><testsuites><testsuite name="pytest" errors="0" failures="0" skipped="0" tests="13" time="0.342" timestamp="2022-08-31T10:22:23.823155" hostname="C02DK0ARMD6V"><testcase classname="test.test_class_registry" name="test_registry_get" time="0.001" /><testcase classname="test.test_class_registry" name="test_registry_enum" time="0.001" /><testcase classname="test.test_class_registry" name="test_registry_reg_fail" time="0.001" /><testcase classname="test.test_class_registry" name="test_registry_get_fail" time="0.001" /><testcase classname="test.test_class_registry" name="test_registry_external" time="0.001" /><testcase classname="test.test_import" name="test_plugable_import" time="0.001" /><testcase classname="test.test_plugable" name="test_plugable_base" time="0.001" /><testcase classname="test.test_plugable" name="test_plugable_fail" time="0.001" /><testcase classname="test.test_plugable" name="test_plugable_register" time="0.001" /><testcase classname="test.test_plugable" name="test_plugable_register_implicit" time="0.001" /><testcase classname="test.test_plugable" name="test_plugable_entrypoint" time="0.001" /><testcase classname="test.test_plugable" name="test_plugable_exclusive" time="0.001" /><testcase classname="test.test_plugable" name="test_plugable_custom_init" time="0.001" /></testsuite></testsuites>